beta = Int_1^oo dx/sqrt(x^3-x) = 2.622057554292119810464839590

PART 1: Tunnell scan to X = 1000000   (qfrep: 2467 ms)
  primes p = 3 (mod 8), p <= 10^6 : 19653
  violations of  a_p = 2 (mod 4)  : 0
  violations of  #{2x^2+y^2=p}=4  : 0
  BSD-predicted #Sha = (a_p/2)^2, first occurrences:
    #Sha = 1  count 2343  first p = 3
    #Sha = 9  count 2365  first p = 43
    #Sha = 25  count 2090  first p = 307
    #Sha = 49  count 1953  first p = 467
    #Sha = 81  count 1742  first p = 907
    #Sha = 121  count 1356  first p = 4547
    #Sha = 169  count 1239  first p = 2707
    #Sha = 225  count 1155  first p = 8147
  (scan: 22 ms)

PART 2: ellrank(E_p) = [0,0,0,[]] (rank exactly 0) for all 311 primes p = 3 (mod 8), p <= 10^4;  failures: 0   (252 ms)

PART 3: family table (E_p : y^2 = x^3 - p^2 x)
    p    a_p   L(E_p,1)        beta*a_p^2/(4 sqrt p)   implied #Sha   (a_p/2)^2  c_2  c_p  kod_2 kod_p
      3     2   1.51384563480   1.51384563480    1.00000000000      1      2    4    3    -1
     11    -2   0.790580098755   0.790580098755    1.00000000000      1      2    4    3    -1
     19    -2   0.601541258069   0.601541258069    1.00000000000      1      2    4    3    -1
     43     6   3.59874025523   3.59874025523    9.00000000000      9      2    4    3    -1
     59     2   0.341362817522   0.341362817522    1.00000000000      1      2    4    3    -1
     67    -2   0.320335314478   0.320335314478    1.00000000000      1      2    4    3    -1
     83     2   0.287808207097   0.287808207097    1.00000000000      1      2    4    3    -1
    107    -6   2.28135484270   2.28135484270    9.00000000000      9      2    4    3    -1
    131     6   2.06181208979   2.06181208979    9.00000000000      9      2    4    3    -1
    139     2   0.222400019053   0.222400019053    1.00000000000      1      2    4    3    -1
    163     6   1.84837858188   1.84837858188    9.00000000000      9      2    4    3    -1
    179    -2   0.195981783129   0.195981783129    1.00000000000      1      2    4    3    -1
    211     2   0.180509886274   0.180509886274    1.00000000000      1      2    4    3    -1
    227    -2   0.174032072314   0.174032072314    1.00000000000      1      2    4    3    -1
    251    -6   1.48952524758   1.48952524758    9.00000000000      9      2    4    3    -1
    283    -6   1.40278628750   1.40278628750    9.00000000000      9      2    4    3    -1
    307    10   3.74121822391   3.74121822391    25.0000000000     25      2    4    3    -1
    467   -14   5.94538331483   5.94538331483    49.0000000000     49      2    4    3    -1
    907    18   7.05218335940   7.05218335940    81.0000000000     81      2    4    3    -1
  max |L - Tunnell|             = 2.350988701644575016 E-38
  max |impliedSha - (a_p/2)^2|  = 4.701977403289150032 E-38
  max |omega1*sqrt(p)/beta - 1| = 5.877471754111437540 E-39
  (kod codes: 3 = III at 2;  -1 = I0* at p)      (65 ms)

PART 4: Cremona sweep, all curves 11 <= N <= 500      (7148 ms)
  curves checked                    : 2214
  worst |impliedSha - integer|      : 3.043942621454313502 E-35
  non-square rounded Sha            : 0
  analytic rank outside descent box : 0
  curves where 2-descent + Cassels pairing cannot close the rank: 2  ["210e7", "210e8"]
  curves with implied #Sha > 1      : 34
    66b3  rank_an=0  #Sha_an=4
    102b5  rank_an=0  #Sha_an=4
    114c3  rank_an=0  #Sha_an=4
    120a5  rank_an=0  #Sha_an=4
    130b3  rank_an=0  #Sha_an=4
    182b3  rank_an=0  #Sha_an=9
    195a7  rank_an=0  #Sha_an=4
    210c5  rank_an=0  #Sha_an=4
    210e5  rank_an=0  #Sha_an=4
    210e7  rank_an=0  #Sha_an=16
    210e8  rank_an=0  #Sha_an=16
    240d3  rank_an=0  #Sha_an=4
    258d3  rank_an=0  #Sha_an=4
    275b3  rank_an=0  #Sha_an=25
    294c3  rank_an=0  #Sha_an=4
    300b2  rank_an=0  #Sha_an=9
    312c3  rank_an=0  #Sha_an=4
    330b6  rank_an=0  #Sha_an=4
    330c6  rank_an=0  #Sha_an=4
    330d3  rank_an=0  #Sha_an=4
    336d3  rank_an=0  #Sha_an=4
    378a3  rank_an=0  #Sha_an=9
    390b5  rank_an=0  #Sha_an=4
    410b3  rank_an=0  #Sha_an=4
    435d3  rank_an=0  #Sha_an=4
    438e2  rank_an=0  #Sha_an=4
    442a2  rank_an=0  #Sha_an=4
    442d2  rank_an=0  #Sha_an=4
    448c5  rank_an=0  #Sha_an=9
    448c6  rank_an=0  #Sha_an=9
    462f3  rank_an=0  #Sha_an=4
    475a3  rank_an=0  #Sha_an=9
    480b2  rank_an=0  #Sha_an=4
    480h2  rank_an=0  #Sha_an=4

TOTAL computation time: 9954 ms
